interactions:
- request:
    body: '{"identifier": "10fd15d0-6b65-43e6-a8ec-132d1d46f024"}'
    headers:
      Accept: ['*/*']
      Accept-Encoding: ['gzip, deflate']
      Connection: [keep-alive]
      Content-Length: ['54']
      Content-Type: [application/json]
      User-Agent: [python-requests/2.20.0]
    method: POST
    uri: http://fornax-web:8003/cleanup/
  response:
    body: {string: '{"detail":"Transfer 10fd15d0-6b65-43e6-a8ec-132d1d46f024 was not
        found."}'}
    headers:
      Allow: ['POST, OPTIONS']
      Content-Length: ['73']
      Content-Type: [application/json]
      Date: ['Mon, 19 Nov 2018 03:21:46 GMT']
      Server: [WSGIServer/0.2 CPython/3.6.5]
      Vary: ['Accept, Cookie']
      X-Frame-Options: [SAMEORIGIN]
    status: {code: 200, message: OK}
- request:
    body: '{"identifier": "10fd15d0-6b65-43e6-a8ec-132d1d46f024"}'
    headers:
      Accept: ['*/*']
      Accept-Encoding: ['gzip, deflate']
      Connection: [keep-alive]
      Content-Length: ['54']
      Content-Type: [application/json]
      User-Agent: [python-requests/2.20.0]
    method: POST
    uri: http://fornax-web:8003/cleanup/
  response:
    body: {string: '{"detail":"Transfer 10fd15d0-6b65-43e6-a8ec-132d1d46f024 was not
        found."}'}
    headers:
      Allow: ['POST, OPTIONS']
      Content-Length: ['73']
      Content-Type: [application/json]
      Date: ['Mon, 19 Nov 2018 03:21:46 GMT']
      Server: [WSGIServer/0.2 CPython/3.6.5]
      Vary: ['Accept, Cookie']
      X-Frame-Options: [SAMEORIGIN]
    status: {code: 200, message: OK}
- request:
    body: '{"identifier": "10fd15d0-6b65-43e6-a8ec-132d1d46f024"}'
    headers:
      Accept: ['*/*']
      Accept-Encoding: ['gzip, deflate']
      Connection: [keep-alive]
      Content-Length: ['54']
      Content-Type: [application/json]
      User-Agent: [python-requests/2.20.0]
    method: POST
    uri: http://fornax-web:8003/cleanup/
  response:
    body: {string: '{"detail":"Transfer 10fd15d0-6b65-43e6-a8ec-132d1d46f024 was not
        found."}'}
    headers:
      Allow: ['POST, OPTIONS']
      Content-Length: ['73']
      Content-Type: [application/json]
      Date: ['Mon, 19 Nov 2018 03:21:46 GMT']
      Server: [WSGIServer/0.2 CPython/3.6.5]
      Vary: ['Accept, Cookie']
      X-Frame-Options: [SAMEORIGIN]
    status: {code: 200, message: OK}
version: 1
